[0.005s] Invoking command in '/home/huatec/damiao_ws/build/damiao_hw': CMAKE_PREFIX_PATH=/opt/ros/humble CONDA_PROMPT_MODIFIER=(base) /usr/bin/cmake /home/huatec/damiao_ws/src/damiao/damiao_hw -DCMAKE_INSTALL_PREFIX=/home/huatec/damiao_ws/install/damiao_hw
[0.014s] -- Found ament_cmake: 1.3.13 (/opt/ros/humble/share/ament_cmake/cmake)
[0.100s] -- Found Python3: /usr/bin/python3 (found version "3.10.12") found components: Interpreter 
[0.138s] -- Found hardware_interface: 2.53.1 (/opt/ros/humble/share/hardware_interface/cmake)
[0.153s] -- Found rosidl_generator_c: 3.1.8 (/opt/ros/humble/share/rosidl_generator_c/cmake)
[0.154s] -- Found rosidl_adapter: 3.1.8 (/opt/ros/humble/share/rosidl_adapter/cmake)
[0.157s] -- Found rosidl_generator_cpp: 3.1.8 (/opt/ros/humble/share/rosidl_generator_cpp/cmake)
[0.162s] -- Using all available rosidl_typesupport_c: rosidl_typesupport_fastrtps_c;rosidl_typesupport_introspection_c
[0.169s] -- Using all available rosidl_typesupport_cpp: rosidl_typesupport_fastrtps_cpp;rosidl_typesupport_introspection_cpp
[0.260s] -- Found rmw_implementation_cmake: 6.1.2 (/opt/ros/humble/share/rmw_implementation_cmake/cmake)
[0.266s] -- Found rmw_fastrtps_cpp: 6.2.10 (/opt/ros/humble/share/rmw_fastrtps_cpp/cmake)
[0.270s] -- Found TinyXML2 via Config file: TinyXML2_DIR-NOTFOUND
[0.280s] -- Found TinyXML2 via Config file: TinyXML2_DIR-NOTFOUND
[0.285s] -- Found TinyXML2 via Config file: TinyXML2_DIR-NOTFOUND
[0.292s] -- Found TinyXML2 via Config file: TinyXML2_DIR-NOTFOUND
[0.299s] -- Using RMW implementation 'rmw_fastrtps_cpp' as default
[0.337s] -- Found ament_lint_auto: 0.12.15 (/opt/ros/humble/share/ament_lint_auto/cmake)
[0.379s] -- Added test 'cppcheck' to perform static code analysis on C / C++ code
[0.379s] -- Configured cppcheck include dirs: $<BUILD_INTERFACE:/home/huatec/damiao_ws/src/damiao/damiao_hw/include>
[0.379s] -- Configured cppcheck exclude dirs and/or files: 
[0.379s] -- Added test 'lint_cmake' to check CMake code style
[0.380s] -- Added test 'uncrustify' to check C / C++ code style
[0.380s] -- Configured uncrustify additional arguments: 
[0.380s] -- Added test 'xmllint' to check XML markup files
[0.380s] -- Configuring done
[0.391s] -- Generating done
[0.394s] -- Build files have been written to: /home/huatec/damiao_ws/build/damiao_hw
[30.310s] Invoked command in '/home/huatec/damiao_ws/build/damiao_hw' returned '0': CMAKE_PREFIX_PATH=/opt/ros/humble CONDA_PROMPT_MODIFIER=(base) /usr/bin/cmake /home/huatec/damiao_ws/src/damiao/damiao_hw -DCMAKE_INSTALL_PREFIX=/home/huatec/damiao_ws/install/damiao_hw
[30.315s] Invoking command in '/home/huatec/damiao_ws/build/damiao_hw': CMAKE_PREFIX_PATH=/opt/ros/humble CONDA_PROMPT_MODIFIER=(base) /usr/bin/cmake --build /home/huatec/damiao_ws/build/damiao_hw -- -j20 -l20
[30.385s] [ 14%] Building CXX object CMakeFiles/damiao_driver.dir/src/damiao.cpp.o
[30.385s] [ 28%] Building CXX object CMakeFiles/damiao_driver.dir/src/usb_class.cpp.o
[30.929s] [ 42%] Linking CXX shared library libdamiao_driver.so
[31.003s] [ 42%] Built target damiao_driver
[31.018s] [ 57%] Building CXX object CMakeFiles/dm_hw.dir/src/dm_hw.cpp.o
[32.898s] [ 71%] Linking CXX shared library libdm_hw.so
[33.006s] [ 71%] Built target dm_hw
[33.022s] [ 85%] Building CXX object CMakeFiles/motor_test.dir/test/motor_test.cpp.o
[34.740s] [100%] Linking CXX executable motor_test
[34.839s] [100%] Built target motor_test
[34.848s] Invoked command in '/home/huatec/damiao_ws/build/damiao_hw' returned '0': CMAKE_PREFIX_PATH=/opt/ros/humble CONDA_PROMPT_MODIFIER=(base) /usr/bin/cmake --build /home/huatec/damiao_ws/build/damiao_hw -- -j20 -l20
[34.849s] Invoking command in '/home/huatec/damiao_ws/build/damiao_hw': CMAKE_PREFIX_PATH=/opt/ros/humble CONDA_PROMPT_MODIFIER=(base) /usr/bin/cmake --install /home/huatec/damiao_ws/build/damiao_hw
[34.854s] -- Install configuration: ""
[34.855s] -- Installing: /home/huatec/damiao_ws/install/damiao_hw/share/damiao_hw/dm_hw_plugins.xml
[34.855s] -- Installing: /home/huatec/damiao_ws/install/damiao_hw/include
[34.855s] -- Installing: /home/huatec/damiao_ws/install/damiao_hw/include/damiao_hw
[34.855s] -- Installing: /home/huatec/damiao_ws/install/damiao_hw/include/damiao_hw/damiao.h
[34.855s] -- Installing: /home/huatec/damiao_ws/install/damiao_hw/include/damiao_hw/dm_hw.h
[34.855s] -- Installing: /home/huatec/damiao_ws/install/damiao_hw/include/damiao_hw/usb_class.h
[34.855s] -- Installing: /home/huatec/damiao_ws/install/damiao_hw/include/damiao_hw/pub_user.h
[34.855s] -- Up-to-date: /home/huatec/damiao_ws/install/damiao_hw/share/damiao_hw/dm_hw_plugins.xml
[34.855s] -- Installing: /home/huatec/damiao_ws/install/damiao_hw/lib/libdm_hw.so
[34.855s] -- Set runtime path of "/home/huatec/damiao_ws/install/damiao_hw/lib/libdm_hw.so" to ""
[34.855s] -- Installing: /home/huatec/damiao_ws/install/damiao_hw/lib/libdamiao_driver.so
[34.856s] -- Set runtime path of "/home/huatec/damiao_ws/install/damiao_hw/lib/libdamiao_driver.so" to "/home/huatec/catkin_ws/u2canfd/lib/linux"
[34.856s] -- Installing: /home/huatec/damiao_ws/install/damiao_hw/lib/damiao_hw/motor_test
[34.856s] -- Set runtime path of "/home/huatec/damiao_ws/install/damiao_hw/lib/damiao_hw/motor_test" to ""
[34.856s] -- Installing: /home/huatec/damiao_ws/install/damiao_hw/share/ament_index/resource_index/package_run_dependencies/damiao_hw
[34.856s] -- Installing: /home/huatec/damiao_ws/install/damiao_hw/share/ament_index/resource_index/parent_prefix_path/damiao_hw
[34.856s] -- Installing: /home/huatec/damiao_ws/install/damiao_hw/share/damiao_hw/environment/ament_prefix_path.sh
[34.856s] -- Installing: /home/huatec/damiao_ws/install/damiao_hw/share/damiao_hw/environment/ament_prefix_path.dsv
[34.856s] -- Installing: /home/huatec/damiao_ws/install/damiao_hw/share/damiao_hw/environment/path.sh
[34.856s] -- Installing: /home/huatec/damiao_ws/install/damiao_hw/share/damiao_hw/environment/path.dsv
[34.856s] -- Installing: /home/huatec/damiao_ws/install/damiao_hw/share/damiao_hw/local_setup.bash
[34.857s] -- Installing: /home/huatec/damiao_ws/install/damiao_hw/share/damiao_hw/local_setup.sh
[34.857s] -- Installing: /home/huatec/damiao_ws/install/damiao_hw/share/damiao_hw/local_setup.zsh
[34.857s] -- Installing: /home/huatec/damiao_ws/install/damiao_hw/share/damiao_hw/local_setup.dsv
[34.857s] -- Installing: /home/huatec/damiao_ws/install/damiao_hw/share/damiao_hw/package.dsv
[34.857s] -- Installing: /home/huatec/damiao_ws/install/damiao_hw/share/ament_index/resource_index/packages/damiao_hw
[34.857s] -- Installing: /home/huatec/damiao_ws/install/damiao_hw/share/ament_index/resource_index/hardware_interface__pluginlib__plugin/damiao_hw
[34.857s] -- Installing: /home/huatec/damiao_ws/install/damiao_hw/share/damiao_hw/cmake/damiao_hwConfig.cmake
[34.857s] -- Installing: /home/huatec/damiao_ws/install/damiao_hw/share/damiao_hw/cmake/damiao_hwConfig-version.cmake
[34.857s] -- Installing: /home/huatec/damiao_ws/install/damiao_hw/share/damiao_hw/package.xml
[34.858s] Invoked command in '/home/huatec/damiao_ws/build/damiao_hw' returned '0': CMAKE_PREFIX_PATH=/opt/ros/humble CONDA_PROMPT_MODIFIER=(base) /usr/bin/cmake --install /home/huatec/damiao_ws/build/damiao_hw
