[ 42%] Built target damiao_driver
[ 71%] Built target dm_hw
[100%] Built target motor_test
-- Install configuration: ""
-- Up-to-date: /home/huatec/damiao_ws/install/damiao_hw/share/damiao_hw/dm_hw_plugins.xml
-- Up-to-date: /home/huatec/damiao_ws/install/damiao_hw/include
-- Up-to-date: /home/huatec/damiao_ws/install/damiao_hw/include/damiao_hw
-- Up-to-date: /home/huatec/damiao_ws/install/damiao_hw/include/damiao_hw/damiao.h
-- Up-to-date: /home/huatec/damiao_ws/install/damiao_hw/include/damiao_hw/dm_hw.h
-- Up-to-date: /home/huatec/damiao_ws/install/damiao_hw/include/damiao_hw/usb_class.h
-- Up-to-date: /home/huatec/damiao_ws/install/damiao_hw/include/damiao_hw/pub_user.h
-- Up-to-date: /home/huatec/damiao_ws/install/damiao_hw/share/damiao_hw/dm_hw_plugins.xml
-- Up-to-date: /home/huatec/damiao_ws/install/damiao_hw/lib/libdm_hw.so
-- Up-to-date: /home/huatec/damiao_ws/install/damiao_hw/lib/libdamiao_driver.so
-- Up-to-date: /home/huatec/damiao_ws/install/damiao_hw/lib/damiao_hw/motor_test
-- Up-to-date: /home/huatec/damiao_ws/install/damiao_hw/share/ament_index/resource_index/package_run_dependencies/damiao_hw
-- Up-to-date: /home/huatec/damiao_ws/install/damiao_hw/share/ament_index/resource_index/parent_prefix_path/damiao_hw
-- Up-to-date: /home/huatec/damiao_ws/install/damiao_hw/share/damiao_hw/environment/ament_prefix_path.sh
-- Up-to-date: /home/huatec/damiao_ws/install/damiao_hw/share/damiao_hw/environment/ament_prefix_path.dsv
-- Up-to-date: /home/huatec/damiao_ws/install/damiao_hw/share/damiao_hw/environment/path.sh
-- Up-to-date: /home/huatec/damiao_ws/install/damiao_hw/share/damiao_hw/environment/path.dsv
-- Up-to-date: /home/huatec/damiao_ws/install/damiao_hw/share/damiao_hw/local_setup.bash
-- Up-to-date: /home/huatec/damiao_ws/install/damiao_hw/share/damiao_hw/local_setup.sh
-- Up-to-date: /home/huatec/damiao_ws/install/damiao_hw/share/damiao_hw/local_setup.zsh
-- Up-to-date: /home/huatec/damiao_ws/install/damiao_hw/share/damiao_hw/local_setup.dsv
-- Installing: /home/huatec/damiao_ws/install/damiao_hw/share/damiao_hw/package.dsv
-- Up-to-date: /home/huatec/damiao_ws/install/damiao_hw/share/ament_index/resource_index/packages/damiao_hw
-- Up-to-date: /home/huatec/damiao_ws/install/damiao_hw/share/ament_index/resource_index/hardware_interface__pluginlib__plugin/damiao_hw
-- Up-to-date: /home/huatec/damiao_ws/install/damiao_hw/share/damiao_hw/cmake/damiao_hwConfig.cmake
-- Up-to-date: /home/huatec/damiao_ws/install/damiao_hw/share/damiao_hw/cmake/damiao_hwConfig-version.cmake
-- Up-to-date: /home/huatec/damiao_ws/install/damiao_hw/share/damiao_hw/package.xml
