[0.009s] Invoking command in '/home/huatec/damiao_ws/build/damiao_description': CMAKE_PREFIX_PATH=/opt/ros/humble CONDA_PROMPT_MODIFIER=(base) /usr/bin/cmake --build /home/huatec/damiao_ws/build/damiao_description -- -j20 -l20
[0.033s] -- Found ament_cmake: 1.3.13 (/opt/ros/humble/share/ament_cmake/cmake)
[0.133s] -- Found ament_lint_auto: 0.12.15 (/opt/ros/humble/share/ament_lint_auto/cmake)
[0.177s] -- Added test 'flake8' to check Python code syntax and style conventions
[0.177s] -- Added test 'lint_cmake' to check CMake code style
[0.177s] -- Added test 'pep257' to check Python code against some of the docstring style conventions in PEP 257
[0.178s] -- Added test 'xmllint' to check XML markup files
[0.179s] -- Configuring done
[0.181s] -- Generating done
[0.182s] -- Build files have been written to: /home/huatec/damiao_ws/build/damiao_description
[0.194s] Invoked command in '/home/huatec/damiao_ws/build/damiao_description' returned '0': CMAKE_PREFIX_PATH=/opt/ros/humble CONDA_PROMPT_MODIFIER=(base) /usr/bin/cmake --build /home/huatec/damiao_ws/build/damiao_description -- -j20 -l20
[0.195s] Invoking command in '/home/huatec/damiao_ws/build/damiao_description': CMAKE_PREFIX_PATH=/opt/ros/humble CONDA_PROMPT_MODIFIER=(base) /usr/bin/cmake --install /home/huatec/damiao_ws/build/damiao_description
[0.200s] -- Install configuration: ""
[0.200s] -- Up-to-date: /home/huatec/damiao_ws/install/damiao_description/share/damiao_description/config
[0.200s] -- Installing: /home/huatec/damiao_ws/install/damiao_description/share/damiao_description/config/elastic_hold.yaml
[0.200s] -- Up-to-date: /home/huatec/damiao_ws/install/damiao_description/share/damiao_description/config/controllers.yaml
[0.200s] -- Installing: /home/huatec/damiao_ws/install/damiao_description/share/damiao_description/config/motors.yaml
[0.200s] -- Up-to-date: /home/huatec/damiao_ws/install/damiao_description/share/damiao_description/ros2_control
[0.200s] -- Up-to-date: /home/huatec/damiao_ws/install/damiao_description/share/damiao_description/ros2_control/damiao.ros2_control.xacro
[0.200s] -- Up-to-date: /home/huatec/damiao_ws/install/damiao_description/share/damiao_description/launch
[0.200s] -- Up-to-date: /home/huatec/damiao_ws/install/damiao_description/share/damiao_description/launch/__pycache__
[0.200s] -- Up-to-date: /home/huatec/damiao_ws/install/damiao_description/share/damiao_description/launch/__pycache__/damiao_ros2_control.launch.cpython-313.pyc
[0.200s] -- Up-to-date: /home/huatec/damiao_ws/install/damiao_description/share/damiao_description/launch/damiao_ros2_control.launch.py
[0.200s] -- Up-to-date: /home/huatec/damiao_ws/install/damiao_description/share/damiao_description/urdf
[0.200s] -- Up-to-date: /home/huatec/damiao_ws/install/damiao_description/share/damiao_description/urdf/damiao_test.urdf.xacro
[0.200s] -- Installing: /home/huatec/damiao_ws/install/damiao_description/lib/damiao_description/elastic_hold_node.py
[0.200s] -- Installing: /home/huatec/damiao_ws/install/damiao_description/share/ament_index/resource_index/package_run_dependencies/damiao_description
[0.200s] -- Up-to-date: /home/huatec/damiao_ws/install/damiao_description/share/ament_index/resource_index/parent_prefix_path/damiao_description
[0.200s] -- Up-to-date: /home/huatec/damiao_ws/install/damiao_description/share/damiao_description/environment/ament_prefix_path.sh
[0.200s] -- Installing: /home/huatec/damiao_ws/install/damiao_description/share/damiao_description/environment/ament_prefix_path.dsv
[0.201s] -- Up-to-date: /home/huatec/damiao_ws/install/damiao_description/share/damiao_description/environment/path.sh
[0.201s] -- Installing: /home/huatec/damiao_ws/install/damiao_description/share/damiao_description/environment/path.dsv
[0.201s] -- Up-to-date: /home/huatec/damiao_ws/install/damiao_description/share/damiao_description/local_setup.bash
[0.201s] -- Up-to-date: /home/huatec/damiao_ws/install/damiao_description/share/damiao_description/local_setup.sh
[0.201s] -- Up-to-date: /home/huatec/damiao_ws/install/damiao_description/share/damiao_description/local_setup.zsh
[0.201s] -- Installing: /home/huatec/damiao_ws/install/damiao_description/share/damiao_description/local_setup.dsv
[0.201s] -- Installing: /home/huatec/damiao_ws/install/damiao_description/share/damiao_description/package.dsv
[0.201s] -- Up-to-date: /home/huatec/damiao_ws/install/damiao_description/share/ament_index/resource_index/packages/damiao_description
[0.201s] -- Up-to-date: /home/huatec/damiao_ws/install/damiao_description/share/damiao_description/cmake/damiao_descriptionConfig.cmake
[0.201s] -- Up-to-date: /home/huatec/damiao_ws/install/damiao_description/share/damiao_description/cmake/damiao_descriptionConfig-version.cmake
[0.201s] -- Installing: /home/huatec/damiao_ws/install/damiao_description/share/damiao_description/package.xml
[30.178s] Invoked command in '/home/huatec/damiao_ws/build/damiao_description' returned '0': CMAKE_PREFIX_PATH=/opt/ros/humble CONDA_PROMPT_MODIFIER=(base) /usr/bin/cmake --install /home/huatec/damiao_ws/build/damiao_description
