[0.008s] Invoking command in '/home/huatec/damiao_ws/build/damiao_description': CMAKE_PREFIX_PATH=/opt/ros/humble CONDA_PROMPT_MODIFIER=(base) /usr/bin/cmake --build /home/huatec/damiao_ws/build/damiao_description -- -j20 -l20
[0.037s] Invoked command in '/home/huatec/damiao_ws/build/damiao_description' returned '0': CMAKE_PREFIX_PATH=/opt/ros/humble CONDA_PROMPT_MODIFIER=(base) /usr/bin/cmake --build /home/huatec/damiao_ws/build/damiao_description -- -j20 -l20
[0.045s] Invoking command in '/home/huatec/damiao_ws/build/damiao_description': CMAKE_PREFIX_PATH=/opt/ros/humble CONDA_PROMPT_MODIFIER=(base) /usr/bin/cmake --install /home/huatec/damiao_ws/build/damiao_description
[0.050s] -- Install configuration: ""
[0.051s] -- Up-to-date: /home/huatec/damiao_ws/install/damiao_description/share/damiao_description/config
[0.051s] -- Up-to-date: /home/huatec/damiao_ws/install/damiao_description/share/damiao_description/config/controllers.yaml
[0.051s] -- Installing: /home/huatec/damiao_ws/install/damiao_description/share/damiao_description/config/motors.yaml
[0.051s] -- Up-to-date: /home/huatec/damiao_ws/install/damiao_description/share/damiao_description/ros2_control
[0.051s] -- Installing: /home/huatec/damiao_ws/install/damiao_description/share/damiao_description/ros2_control/damiao.ros2_control.xacro
[0.051s] -- Up-to-date: /home/huatec/damiao_ws/install/damiao_description/share/damiao_description/launch
[0.051s] -- Up-to-date: /home/huatec/damiao_ws/install/damiao_description/share/damiao_description/launch/damiao_ros2_control.launch.py
[0.051s] -- Up-to-date: /home/huatec/damiao_ws/install/damiao_description/share/damiao_description/urdf
[0.051s] -- Up-to-date: /home/huatec/damiao_ws/install/damiao_description/share/damiao_description/urdf/damiao_test.urdf.xacro
[0.051s] -- Up-to-date: /home/huatec/damiao_ws/install/damiao_description/share/ament_index/resource_index/package_run_dependencies/damiao_description
[0.051s] -- Up-to-date: /home/huatec/damiao_ws/install/damiao_description/share/ament_index/resource_index/parent_prefix_path/damiao_description
[0.051s] -- Up-to-date: /home/huatec/damiao_ws/install/damiao_description/share/damiao_description/environment/ament_prefix_path.sh
[0.051s] -- Up-to-date: /home/huatec/damiao_ws/install/damiao_description/share/damiao_description/environment/ament_prefix_path.dsv
[0.051s] -- Up-to-date: /home/huatec/damiao_ws/install/damiao_description/share/damiao_description/environment/path.sh
[0.051s] -- Up-to-date: /home/huatec/damiao_ws/install/damiao_description/share/damiao_description/environment/path.dsv
[0.051s] -- Up-to-date: /home/huatec/damiao_ws/install/damiao_description/share/damiao_description/local_setup.bash
[0.051s] -- Up-to-date: /home/huatec/damiao_ws/install/damiao_description/share/damiao_description/local_setup.sh
[0.051s] -- Up-to-date: /home/huatec/damiao_ws/install/damiao_description/share/damiao_description/local_setup.zsh
[0.051s] -- Up-to-date: /home/huatec/damiao_ws/install/damiao_description/share/damiao_description/local_setup.dsv
[0.051s] -- Installing: /home/huatec/damiao_ws/install/damiao_description/share/damiao_description/package.dsv
[0.051s] -- Up-to-date: /home/huatec/damiao_ws/install/damiao_description/share/ament_index/resource_index/packages/damiao_description
[0.052s] -- Up-to-date: /home/huatec/damiao_ws/install/damiao_description/share/damiao_description/cmake/damiao_descriptionConfig.cmake
[0.052s] -- Up-to-date: /home/huatec/damiao_ws/install/damiao_description/share/damiao_description/cmake/damiao_descriptionConfig-version.cmake
[0.052s] -- Up-to-date: /home/huatec/damiao_ws/install/damiao_description/share/damiao_description/package.xml
[0.052s] Invoked command in '/home/huatec/damiao_ws/build/damiao_description' returned '0': CMAKE_PREFIX_PATH=/opt/ros/humble CONDA_PROMPT_MODIFIER=(base) /usr/bin/cmake --install /home/huatec/damiao_ws/build/damiao_description
