[0.054s] DEBUG:colcon:Command line arguments: ['/usr/bin/colcon', 'build']
[0.054s] DEBUG:colcon:Parsed command line arguments: Namespace(log_base=None, log_level=None, verb_name='build', build_base='build', install_base='install', merge_install=False, symlink_install=False, test_result_base=None, continue_on_error=False, executor='parallel', parallel_workers=20, event_handlers=None, ignore_user_meta=False, metas=['./colcon.meta'], base_paths=['.'], packages_ignore=None, packages_ignore_regex=None, paths=None, packages_up_to=None, packages_up_to_regex=None, packages_above=None, packages_above_and_dependencies=None, packages_above_depth=None, packages_select_by_dep=None, packages_skip_by_dep=None, packages_skip_up_to=None, packages_select_build_failed=False, packages_skip_build_finished=False, packages_select_test_failures=False, packages_skip_test_passed=False, packages_select=None, packages_skip=None, packages_select_regex=None, packages_skip_regex=None, packages_start=None, packages_end=None, allow_overriding=[], cmake_args=None, cmake_target=None, cmake_target_skip_unavailable=False, cmake_clean_cache=False, cmake_clean_first=False, cmake_force_configure=False, ament_cmake_args=None, catkin_cmake_args=None, catkin_skip_building_tests=False, verb_parser=<colcon_defaults.argument_parser.defaults.DefaultArgumentsDecorator object at 0x786767b712a0>, verb_extension=<colcon_core.verb.build.BuildVerb object at 0x786767b70d90>, main=<bound method BuildVerb.main of <colcon_core.verb.build.BuildVerb object at 0x786767b70d90>>)
[0.136s] Level 1:colcon.colcon_core.package_discovery:discover_packages(colcon_meta) check parameters
[0.136s] Level 1:colcon.colcon_core.package_discovery:discover_packages(recursive) check parameters
[0.136s] Level 1:colcon.colcon_core.package_discovery:discover_packages(ignore) check parameters
[0.136s] Level 1:colcon.colcon_core.package_discovery:discover_packages(path) check parameters
[0.136s] Level 1:colcon.colcon_core.package_discovery:discover_packages(colcon_meta) discover
[0.136s] Level 1:colcon.colcon_core.package_discovery:discover_packages(recursive) discover
[0.136s] INFO:colcon.colcon_core.package_discovery:Crawling recursively for packages in '/home/huatec/damiao_ws'
[0.136s] Level 1:colcon.colcon_core.package_identification:_identify(.) by extensions ['ignore', 'ignore_ament_install']
[0.136s] Level 1:colcon.colcon_core.package_identification:_identify(.) by extension 'ignore'
[0.136s] Level 1:colcon.colcon_core.package_identification:_identify(.) by extension 'ignore_ament_install'
[0.136s] Level 1:colcon.colcon_core.package_identification:_identify(.) by extensions ['colcon_pkg']
[0.137s] Level 1:colcon.colcon_core.package_identification:_identify(.) by extension 'colcon_pkg'
[0.137s] Level 1:colcon.colcon_core.package_identification:_identify(.) by extensions ['colcon_meta']
[0.137s] Level 1:colcon.colcon_core.package_identification:_identify(.) by extension 'colcon_meta'
[0.137s] Level 1:colcon.colcon_core.package_identification:_identify(.) by extensions ['ros']
[0.137s] Level 1:colcon.colcon_core.package_identification:_identify(.) by extension 'ros'
[0.142s] Level 1:colcon.colcon_core.package_identification:_identify(.) by extensions ['cmake', 'python']
[0.142s] Level 1:colcon.colcon_core.package_identification:_identify(.) by extension 'cmake'
[0.142s] Level 1:colcon.colcon_core.package_identification:_identify(.) by extension 'python'
[0.142s] Level 1:colcon.colcon_core.package_identification:_identify(.) by extensions ['python_setup_py']
[0.142s] Level 1:colcon.colcon_core.package_identification:_identify(.) by extension 'python_setup_py'
[0.143s] Level 1:colcon.colcon_core.package_identification:_identify(build) by extensions ['ignore', 'ignore_ament_install']
[0.143s] Level 1:colcon.colcon_core.package_identification:_identify(build) by extension 'ignore'
[0.143s] Level 1:colcon.colcon_core.package_identification:_identify(build) ignored
[0.143s] Level 1:colcon.colcon_core.package_identification:_identify(install) by extensions ['ignore', 'ignore_ament_install']
[0.143s] Level 1:colcon.colcon_core.package_identification:_identify(install) by extension 'ignore'
[0.143s] Level 1:colcon.colcon_core.package_identification:_identify(install) ignored
[0.143s] Level 1:colcon.colcon_core.package_identification:_identify(log) by extensions ['ignore', 'ignore_ament_install']
[0.143s] Level 1:colcon.colcon_core.package_identification:_identify(log) by extension 'ignore'
[0.143s] Level 1:colcon.colcon_core.package_identification:_identify(log) ignored
[0.143s] Level 1:colcon.colcon_core.package_identification:_identify(src) by extensions ['ignore', 'ignore_ament_install']
[0.143s] Level 1:colcon.colcon_core.package_identification:_identify(src) by extension 'ignore'
[0.143s] Level 1:colcon.colcon_core.package_identification:_identify(src) by extension 'ignore_ament_install'
[0.143s] Level 1:colcon.colcon_core.package_identification:_identify(src) by extensions ['colcon_pkg']
[0.143s] Level 1:colcon.colcon_core.package_identification:_identify(src) by extension 'colcon_pkg'
[0.143s] Level 1:colcon.colcon_core.package_identification:_identify(src) by extensions ['colcon_meta']
[0.143s] Level 1:colcon.colcon_core.package_identification:_identify(src) by extension 'colcon_meta'
[0.143s] Level 1:colcon.colcon_core.package_identification:_identify(src) by extensions ['ros']
[0.143s] Level 1:colcon.colcon_core.package_identification:_identify(src) by extension 'ros'
[0.143s] Level 1:colcon.colcon_core.package_identification:_identify(src) by extensions ['cmake', 'python']
[0.143s] Level 1:colcon.colcon_core.package_identification:_identify(src) by extension 'cmake'
[0.143s] Level 1:colcon.colcon_core.package_identification:_identify(src) by extension 'python'
[0.143s] Level 1:colcon.colcon_core.package_identification:_identify(src) by extensions ['python_setup_py']
[0.143s] Level 1:colcon.colcon_core.package_identification:_identify(src) by extension 'python_setup_py'
[0.143s] Level 1:colcon.colcon_core.package_identification:_identify(src/damiao) by extensions ['ignore', 'ignore_ament_install']
[0.143s] Level 1:colcon.colcon_core.package_identification:_identify(src/damiao) by extension 'ignore'
[0.143s] Level 1:colcon.colcon_core.package_identification:_identify(src/damiao) by extension 'ignore_ament_install'
[0.143s] Level 1:colcon.colcon_core.package_identification:_identify(src/damiao) by extensions ['colcon_pkg']
[0.143s] Level 1:colcon.colcon_core.package_identification:_identify(src/damiao) by extension 'colcon_pkg'
[0.143s] Level 1:colcon.colcon_core.package_identification:_identify(src/damiao) by extensions ['colcon_meta']
[0.143s] Level 1:colcon.colcon_core.package_identification:_identify(src/damiao) by extension 'colcon_meta'
[0.143s] Level 1:colcon.colcon_core.package_identification:_identify(src/damiao) by extensions ['ros']
[0.143s] Level 1:colcon.colcon_core.package_identification:_identify(src/damiao) by extension 'ros'
[0.143s] Level 1:colcon.colcon_core.package_identification:_identify(src/damiao) by extensions ['cmake', 'python']
[0.143s] Level 1:colcon.colcon_core.package_identification:_identify(src/damiao) by extension 'cmake'
[0.143s] Level 1:colcon.colcon_core.package_identification:_identify(src/damiao) by extension 'python'
[0.143s] Level 1:colcon.colcon_core.package_identification:_identify(src/damiao) by extensions ['python_setup_py']
[0.143s] Level 1:colcon.colcon_core.package_identification:_identify(src/damiao) by extension 'python_setup_py'
[0.144s] Level 1:colcon.colcon_core.package_identification:_identify(src/damiao/damiao_description) by extensions ['ignore', 'ignore_ament_install']
[0.144s] Level 1:colcon.colcon_core.package_identification:_identify(src/damiao/damiao_description) by extension 'ignore'
[0.144s] Level 1:colcon.colcon_core.package_identification:_identify(src/damiao/damiao_description) by extension 'ignore_ament_install'
[0.144s] Level 1:colcon.colcon_core.package_identification:_identify(src/damiao/damiao_description) by extensions ['colcon_pkg']
[0.144s] Level 1:colcon.colcon_core.package_identification:_identify(src/damiao/damiao_description) by extension 'colcon_pkg'
[0.144s] Level 1:colcon.colcon_core.package_identification:_identify(src/damiao/damiao_description) by extensions ['colcon_meta']
[0.144s] Level 1:colcon.colcon_core.package_identification:_identify(src/damiao/damiao_description) by extension 'colcon_meta'
[0.144s] Level 1:colcon.colcon_core.package_identification:_identify(src/damiao/damiao_description) by extensions ['ros']
[0.144s] Level 1:colcon.colcon_core.package_identification:_identify(src/damiao/damiao_description) by extension 'ros'
[0.145s] DEBUG:colcon.colcon_core.package_identification:Package 'src/damiao/damiao_description' with type 'ros.ament_cmake' and name 'damiao_description'
[0.145s] Level 1:colcon.colcon_core.package_identification:_identify(src/damiao/damiao_hw) by extensions ['ignore', 'ignore_ament_install']
[0.145s] Level 1:colcon.colcon_core.package_identification:_identify(src/damiao/damiao_hw) by extension 'ignore'
[0.145s] Level 1:colcon.colcon_core.package_identification:_identify(src/damiao/damiao_hw) by extension 'ignore_ament_install'
[0.145s] Level 1:colcon.colcon_core.package_identification:_identify(src/damiao/damiao_hw) by extensions ['colcon_pkg']
[0.145s] Level 1:colcon.colcon_core.package_identification:_identify(src/damiao/damiao_hw) by extension 'colcon_pkg'
[0.145s] Level 1:colcon.colcon_core.package_identification:_identify(src/damiao/damiao_hw) by extensions ['colcon_meta']
[0.145s] Level 1:colcon.colcon_core.package_identification:_identify(src/damiao/damiao_hw) by extension 'colcon_meta'
[0.145s] Level 1:colcon.colcon_core.package_identification:_identify(src/damiao/damiao_hw) by extensions ['ros']
[0.145s] Level 1:colcon.colcon_core.package_identification:_identify(src/damiao/damiao_hw) by extension 'ros'
[0.146s] DEBUG:colcon.colcon_core.package_identification:Package 'src/damiao/damiao_hw' with type 'ros.ament_cmake' and name 'damiao_hw'
[0.146s] Level 1:colcon.colcon_core.package_discovery:discover_packages(recursive) using defaults
[0.146s] Level 1:colcon.colcon_core.package_discovery:discover_packages(ignore) discover
[0.146s] Level 1:colcon.colcon_core.package_discovery:discover_packages(ignore) using defaults
[0.146s] Level 1:colcon.colcon_core.package_discovery:discover_packages(path) discover
[0.146s] Level 1:colcon.colcon_core.package_discovery:discover_packages(path) using defaults
[0.162s] Level 1:colcon.colcon_core.package_discovery:discover_packages(prefix_path) check parameters
[0.162s] Level 1:colcon.colcon_core.package_discovery:discover_packages(prefix_path) discover
[0.163s] DEBUG:colcon.colcon_installed_package_information.package_discovery:Found 373 installed packages in /opt/ros/humble
[0.164s] Level 1:colcon.colcon_core.package_discovery:discover_packages(prefix_path) using defaults
[0.186s] Level 5:colcon.colcon_core.verb:set package 'damiao_description' build argument 'cmake_args' from command line to 'None'
[0.186s] Level 5:colcon.colcon_core.verb:set package 'damiao_description' build argument 'cmake_target' from command line to 'None'
[0.186s] Level 5:colcon.colcon_core.verb:set package 'damiao_description' build argument 'cmake_target_skip_unavailable' from command line to 'False'
[0.186s] Level 5:colcon.colcon_core.verb:set package 'damiao_description' build argument 'cmake_clean_cache' from command line to 'False'
[0.186s] Level 5:colcon.colcon_core.verb:set package 'damiao_description' build argument 'cmake_clean_first' from command line to 'False'
[0.186s] Level 5:colcon.colcon_core.verb:set package 'damiao_description' build argument 'cmake_force_configure' from command line to 'False'
[0.186s] Level 5:colcon.colcon_core.verb:set package 'damiao_description' build argument 'ament_cmake_args' from command line to 'None'
[0.186s] Level 5:colcon.colcon_core.verb:set package 'damiao_description' build argument 'catkin_cmake_args' from command line to 'None'
[0.186s] Level 5:colcon.colcon_core.verb:set package 'damiao_description' build argument 'catkin_skip_building_tests' from command line to 'False'
[0.186s] DEBUG:colcon.colcon_core.verb:Building package 'damiao_description' with the following arguments: {'ament_cmake_args': None, 'build_base': '/home/huatec/damiao_ws/build/damiao_description', 'catkin_cmake_args': None, 'catkin_skip_building_tests': False, 'cmake_args': None, 'cmake_clean_cache': False, 'cmake_clean_first': False, 'cmake_force_configure': False, 'cmake_target': None, 'cmake_target_skip_unavailable': False, 'install_base': '/home/huatec/damiao_ws/install/damiao_description', 'merge_install': False, 'path': '/home/huatec/damiao_ws/src/damiao/damiao_description', 'symlink_install': False, 'test_result_base': None}
[0.186s] Level 5:colcon.colcon_core.verb:set package 'damiao_hw' build argument 'cmake_args' from command line to 'None'
[0.186s] Level 5:colcon.colcon_core.verb:set package 'damiao_hw' build argument 'cmake_target' from command line to 'None'
[0.186s] Level 5:colcon.colcon_core.verb:set package 'damiao_hw' build argument 'cmake_target_skip_unavailable' from command line to 'False'
[0.186s] Level 5:colcon.colcon_core.verb:set package 'damiao_hw' build argument 'cmake_clean_cache' from command line to 'False'
[0.186s] Level 5:colcon.colcon_core.verb:set package 'damiao_hw' build argument 'cmake_clean_first' from command line to 'False'
[0.186s] Level 5:colcon.colcon_core.verb:set package 'damiao_hw' build argument 'cmake_force_configure' from command line to 'False'
[0.186s] Level 5:colcon.colcon_core.verb:set package 'damiao_hw' build argument 'ament_cmake_args' from command line to 'None'
[0.186s] Level 5:colcon.colcon_core.verb:set package 'damiao_hw' build argument 'catkin_cmake_args' from command line to 'None'
[0.186s] Level 5:colcon.colcon_core.verb:set package 'damiao_hw' build argument 'catkin_skip_building_tests' from command line to 'False'
[0.186s] DEBUG:colcon.colcon_core.verb:Building package 'damiao_hw' with the following arguments: {'ament_cmake_args': None, 'build_base': '/home/huatec/damiao_ws/build/damiao_hw', 'catkin_cmake_args': None, 'catkin_skip_building_tests': False, 'cmake_args': None, 'cmake_clean_cache': False, 'cmake_clean_first': False, 'cmake_force_configure': False, 'cmake_target': None, 'cmake_target_skip_unavailable': False, 'install_base': '/home/huatec/damiao_ws/install/damiao_hw', 'merge_install': False, 'path': '/home/huatec/damiao_ws/src/damiao/damiao_hw', 'symlink_install': False, 'test_result_base': None}
[0.186s] INFO:colcon.colcon_core.executor:Executing jobs using 'parallel' executor
[0.187s] DEBUG:colcon.colcon_parallel_executor.executor.parallel:run_until_complete
[0.187s] INFO:colcon.colcon_ros.task.ament_cmake.build:Building ROS package in '/home/huatec/damiao_ws/src/damiao/damiao_description' with build type 'ament_cmake'
[0.187s] INFO:colcon.colcon_cmake.task.cmake.build:Building CMake package in '/home/huatec/damiao_ws/src/damiao/damiao_description'
[0.188s] INFO:colcon.colcon_core.plugin_system:Skipping extension 'colcon_core.shell.bat': Not used on non-Windows systems
[0.188s] INFO:colcon.colcon_core.shell:Skip shell extension 'powershell' for command environment: Not usable outside of PowerShell
[0.188s] DEBUG:colcon.colcon_core.shell:Skip shell extension 'dsv' for command environment
[0.190s] INFO:colcon.colcon_ros.task.ament_cmake.build:Building ROS package in '/home/huatec/damiao_ws/src/damiao/damiao_hw' with build type 'ament_cmake'
[0.190s] INFO:colcon.colcon_cmake.task.cmake.build:Building CMake package in '/home/huatec/damiao_ws/src/damiao/damiao_hw'
[0.190s] INFO:colcon.colcon_core.shell:Skip shell extension 'powershell' for command environment: Not usable outside of PowerShell
[0.190s] DEBUG:colcon.colcon_core.shell:Skip shell extension 'dsv' for command environment
[0.194s] DEBUG:colcon.colcon_core.event_handler.log_command:Invoking command in '/home/huatec/damiao_ws/build/damiao_description': CMAKE_PREFIX_PATH=/opt/ros/humble CONDA_PROMPT_MODIFIER=(base) /usr/bin/cmake /home/huatec/damiao_ws/src/damiao/damiao_description -DCMAKE_INSTALL_PREFIX=/home/huatec/damiao_ws/install/damiao_description
[0.195s] DEBUG:colcon.colcon_core.event_handler.log_command:Invoking command in '/home/huatec/damiao_ws/build/damiao_hw': CMAKE_PREFIX_PATH=/opt/ros/humble CONDA_PROMPT_MODIFIER=(base) /usr/bin/cmake /home/huatec/damiao_ws/src/damiao/damiao_hw -DCMAKE_INSTALL_PREFIX=/home/huatec/damiao_ws/install/damiao_hw
[0.378s] DEBUG:colcon.colcon_core.event_handler.log_command:Invoked command in '/home/huatec/damiao_ws/build/damiao_description' returned '0': CMAKE_PREFIX_PATH=/opt/ros/humble CONDA_PROMPT_MODIFIER=(base) /usr/bin/cmake /home/huatec/damiao_ws/src/damiao/damiao_description -DCMAKE_INSTALL_PREFIX=/home/huatec/damiao_ws/install/damiao_description
[0.379s] DEBUG:colcon.colcon_core.event_handler.log_command:Invoking command in '/home/huatec/damiao_ws/build/damiao_description': CMAKE_PREFIX_PATH=/opt/ros/humble CONDA_PROMPT_MODIFIER=(base) /usr/bin/cmake --build /home/huatec/damiao_ws/build/damiao_description -- -j20 -l20
[0.450s] DEBUG:colcon.colcon_core.event_handler.log_command:Invoked command in '/home/huatec/damiao_ws/build/damiao_description' returned '0': CMAKE_PREFIX_PATH=/opt/ros/humble CONDA_PROMPT_MODIFIER=(base) /usr/bin/cmake --build /home/huatec/damiao_ws/build/damiao_description -- -j20 -l20
[0.456s] DEBUG:colcon.colcon_core.event_handler.log_command:Invoking command in '/home/huatec/damiao_ws/build/damiao_description': CMAKE_PREFIX_PATH=/opt/ros/humble CONDA_PROMPT_MODIFIER=(base) /usr/bin/cmake --install /home/huatec/damiao_ws/build/damiao_description
[0.462s] Level 1:colcon.colcon_core.environment:create_environment_scripts_only(damiao_description)
[0.462s] DEBUG:colcon.colcon_core.event_handler.log_command:Invoked command in '/home/huatec/damiao_ws/build/damiao_description' returned '0': CMAKE_PREFIX_PATH=/opt/ros/humble CONDA_PROMPT_MODIFIER=(base) /usr/bin/cmake --install /home/huatec/damiao_ws/build/damiao_description
[0.464s] Level 1:colcon.colcon_core.environment:checking '/home/huatec/damiao_ws/install/damiao_description' for CMake module files
[0.464s] Level 1:colcon.colcon_core.environment:checking '/home/huatec/damiao_ws/install/damiao_description' for CMake config files
[0.464s] Level 1:colcon.colcon_core.shell:create_environment_hook('damiao_description', 'cmake_prefix_path')
[0.464s] INFO:colcon.colcon_core.shell:Creating environment hook '/home/huatec/damiao_ws/install/damiao_description/share/damiao_description/hook/cmake_prefix_path.ps1'
[0.464s] INFO:colcon.colcon_core.shell:Creating environment descriptor '/home/huatec/damiao_ws/install/damiao_description/share/damiao_description/hook/cmake_prefix_path.dsv'
[0.465s] INFO:colcon.colcon_core.shell:Creating environment hook '/home/huatec/damiao_ws/install/damiao_description/share/damiao_description/hook/cmake_prefix_path.sh'
[0.465s] Level 1:colcon.colcon_core.environment:checking '/home/huatec/damiao_ws/install/damiao_description/bin'
[0.465s] Level 1:colcon.colcon_core.environment:checking '/home/huatec/damiao_ws/install/damiao_description/lib/pkgconfig/damiao_description.pc'
[0.465s] Level 1:colcon.colcon_core.environment:checking '/home/huatec/damiao_ws/install/damiao_description/lib/python3.10/site-packages'
[0.465s] Level 1:colcon.colcon_core.environment:checking '/home/huatec/damiao_ws/install/damiao_description/bin'
[0.465s] INFO:colcon.colcon_core.shell:Creating package script '/home/huatec/damiao_ws/install/damiao_description/share/damiao_description/package.ps1'
[0.466s] INFO:colcon.colcon_core.shell:Creating package descriptor '/home/huatec/damiao_ws/install/damiao_description/share/damiao_description/package.dsv'
[0.466s] INFO:colcon.colcon_core.shell:Creating package script '/home/huatec/damiao_ws/install/damiao_description/share/damiao_description/package.sh'
[0.466s] INFO:colcon.colcon_core.shell:Creating package script '/home/huatec/damiao_ws/install/damiao_description/share/damiao_description/package.bash'
[0.467s] INFO:colcon.colcon_core.shell:Creating package script '/home/huatec/damiao_ws/install/damiao_description/share/damiao_description/package.zsh'
[0.467s] Level 1:colcon.colcon_core.environment:create_file_with_runtime_dependencies(/home/huatec/damiao_ws/install/damiao_description/share/colcon-core/packages/damiao_description)
[0.467s] Level 1:colcon.colcon_core.environment:create_environment_scripts_only(damiao_description)
[0.467s] Level 1:colcon.colcon_core.environment:checking '/home/huatec/damiao_ws/install/damiao_description' for CMake module files
[0.468s] Level 1:colcon.colcon_core.environment:checking '/home/huatec/damiao_ws/install/damiao_description' for CMake config files
[0.468s] Level 1:colcon.colcon_core.shell:create_environment_hook('damiao_description', 'cmake_prefix_path')
[0.468s] INFO:colcon.colcon_core.shell:Creating environment hook '/home/huatec/damiao_ws/install/damiao_description/share/damiao_description/hook/cmake_prefix_path.ps1'
[0.468s] INFO:colcon.colcon_core.shell:Creating environment descriptor '/home/huatec/damiao_ws/install/damiao_description/share/damiao_description/hook/cmake_prefix_path.dsv'
[0.468s] INFO:colcon.colcon_core.shell:Creating environment hook '/home/huatec/damiao_ws/install/damiao_description/share/damiao_description/hook/cmake_prefix_path.sh'
[0.468s] Level 1:colcon.colcon_core.environment:checking '/home/huatec/damiao_ws/install/damiao_description/bin'
[0.468s] Level 1:colcon.colcon_core.environment:checking '/home/huatec/damiao_ws/install/damiao_description/lib/pkgconfig/damiao_description.pc'
[0.469s] Level 1:colcon.colcon_core.environment:checking '/home/huatec/damiao_ws/install/damiao_description/lib/python3.10/site-packages'
[0.469s] Level 1:colcon.colcon_core.environment:checking '/home/huatec/damiao_ws/install/damiao_description/bin'
[0.469s] INFO:colcon.colcon_core.shell:Creating package script '/home/huatec/damiao_ws/install/damiao_description/share/damiao_description/package.ps1'
[0.469s] INFO:colcon.colcon_core.shell:Creating package descriptor '/home/huatec/damiao_ws/install/damiao_description/share/damiao_description/package.dsv'
[0.469s] INFO:colcon.colcon_core.shell:Creating package script '/home/huatec/damiao_ws/install/damiao_description/share/damiao_description/package.sh'
[0.470s] INFO:colcon.colcon_core.shell:Creating package script '/home/huatec/damiao_ws/install/damiao_description/share/damiao_description/package.bash'
[0.470s] INFO:colcon.colcon_core.shell:Creating package script '/home/huatec/damiao_ws/install/damiao_description/share/damiao_description/package.zsh'
[0.470s] Level 1:colcon.colcon_core.environment:create_file_with_runtime_dependencies(/home/huatec/damiao_ws/install/damiao_description/share/colcon-core/packages/damiao_description)
[30.501s] DEBUG:colcon.colcon_core.event_handler.log_command:Invoked command in '/home/huatec/damiao_ws/build/damiao_hw' returned '0': CMAKE_PREFIX_PATH=/opt/ros/humble CONDA_PROMPT_MODIFIER=(base) /usr/bin/cmake /home/huatec/damiao_ws/src/damiao/damiao_hw -DCMAKE_INSTALL_PREFIX=/home/huatec/damiao_ws/install/damiao_hw
[30.505s] DEBUG:colcon.colcon_core.event_handler.log_command:Invoking command in '/home/huatec/damiao_ws/build/damiao_hw': CMAKE_PREFIX_PATH=/opt/ros/humble CONDA_PROMPT_MODIFIER=(base) /usr/bin/cmake --build /home/huatec/damiao_ws/build/damiao_hw -- -j20 -l20
[35.039s] DEBUG:colcon.colcon_core.event_handler.log_command:Invoked command in '/home/huatec/damiao_ws/build/damiao_hw' returned '0': CMAKE_PREFIX_PATH=/opt/ros/humble CONDA_PROMPT_MODIFIER=(base) /usr/bin/cmake --build /home/huatec/damiao_ws/build/damiao_hw -- -j20 -l20
[35.039s] DEBUG:colcon.colcon_core.event_handler.log_command:Invoking command in '/home/huatec/damiao_ws/build/damiao_hw': CMAKE_PREFIX_PATH=/opt/ros/humble CONDA_PROMPT_MODIFIER=(base) /usr/bin/cmake --install /home/huatec/damiao_ws/build/damiao_hw
[35.048s] Level 1:colcon.colcon_core.environment:create_environment_scripts_only(damiao_hw)
[35.048s] Level 1:colcon.colcon_core.environment:checking '/home/huatec/damiao_ws/install/damiao_hw' for CMake module files
[35.048s] DEBUG:colcon.colcon_core.event_handler.log_command:Invoked command in '/home/huatec/damiao_ws/build/damiao_hw' returned '0': CMAKE_PREFIX_PATH=/opt/ros/humble CONDA_PROMPT_MODIFIER=(base) /usr/bin/cmake --install /home/huatec/damiao_ws/build/damiao_hw
[35.048s] Level 1:colcon.colcon_core.environment:checking '/home/huatec/damiao_ws/install/damiao_hw' for CMake config files
[35.048s] Level 1:colcon.colcon_core.shell:create_environment_hook('damiao_hw', 'cmake_prefix_path')
[35.048s] INFO:colcon.colcon_core.shell:Creating environment hook '/home/huatec/damiao_ws/install/damiao_hw/share/damiao_hw/hook/cmake_prefix_path.ps1'
[35.049s] INFO:colcon.colcon_core.shell:Creating environment descriptor '/home/huatec/damiao_ws/install/damiao_hw/share/damiao_hw/hook/cmake_prefix_path.dsv'
[35.049s] INFO:colcon.colcon_core.shell:Creating environment hook '/home/huatec/damiao_ws/install/damiao_hw/share/damiao_hw/hook/cmake_prefix_path.sh'
[35.049s] Level 1:colcon.colcon_core.environment:checking '/home/huatec/damiao_ws/install/damiao_hw/lib'
[35.049s] Level 1:colcon.colcon_core.shell:create_environment_hook('damiao_hw', 'ld_library_path_lib')
[35.049s] INFO:colcon.colcon_core.shell:Creating environment hook '/home/huatec/damiao_ws/install/damiao_hw/share/damiao_hw/hook/ld_library_path_lib.ps1'
[35.050s] INFO:colcon.colcon_core.shell:Creating environment descriptor '/home/huatec/damiao_ws/install/damiao_hw/share/damiao_hw/hook/ld_library_path_lib.dsv'
[35.050s] INFO:colcon.colcon_core.shell:Creating environment hook '/home/huatec/damiao_ws/install/damiao_hw/share/damiao_hw/hook/ld_library_path_lib.sh'
[35.050s] Level 1:colcon.colcon_core.environment:checking '/home/huatec/damiao_ws/install/damiao_hw/bin'
[35.050s] Level 1:colcon.colcon_core.environment:checking '/home/huatec/damiao_ws/install/damiao_hw/lib/pkgconfig/damiao_hw.pc'
[35.050s] Level 1:colcon.colcon_core.environment:checking '/home/huatec/damiao_ws/install/damiao_hw/lib/python3.10/site-packages'
[35.050s] Level 1:colcon.colcon_core.environment:checking '/home/huatec/damiao_ws/install/damiao_hw/bin'
[35.050s] INFO:colcon.colcon_core.shell:Creating package script '/home/huatec/damiao_ws/install/damiao_hw/share/damiao_hw/package.ps1'
[35.051s] INFO:colcon.colcon_core.shell:Creating package descriptor '/home/huatec/damiao_ws/install/damiao_hw/share/damiao_hw/package.dsv'
[35.051s] INFO:colcon.colcon_core.shell:Creating package script '/home/huatec/damiao_ws/install/damiao_hw/share/damiao_hw/package.sh'
[35.051s] INFO:colcon.colcon_core.shell:Creating package script '/home/huatec/damiao_ws/install/damiao_hw/share/damiao_hw/package.bash'
[35.051s] INFO:colcon.colcon_core.shell:Creating package script '/home/huatec/damiao_ws/install/damiao_hw/share/damiao_hw/package.zsh'
[35.051s] Level 1:colcon.colcon_core.environment:create_file_with_runtime_dependencies(/home/huatec/damiao_ws/install/damiao_hw/share/colcon-core/packages/damiao_hw)
[35.051s] Level 1:colcon.colcon_core.environment:create_environment_scripts_only(damiao_hw)
[35.052s] Level 1:colcon.colcon_core.environment:checking '/home/huatec/damiao_ws/install/damiao_hw' for CMake module files
[35.052s] Level 1:colcon.colcon_core.environment:checking '/home/huatec/damiao_ws/install/damiao_hw' for CMake config files
[35.052s] Level 1:colcon.colcon_core.shell:create_environment_hook('damiao_hw', 'cmake_prefix_path')
[35.052s] INFO:colcon.colcon_core.shell:Creating environment hook '/home/huatec/damiao_ws/install/damiao_hw/share/damiao_hw/hook/cmake_prefix_path.ps1'
[35.052s] INFO:colcon.colcon_core.shell:Creating environment descriptor '/home/huatec/damiao_ws/install/damiao_hw/share/damiao_hw/hook/cmake_prefix_path.dsv'
[35.052s] INFO:colcon.colcon_core.shell:Creating environment hook '/home/huatec/damiao_ws/install/damiao_hw/share/damiao_hw/hook/cmake_prefix_path.sh'
[35.053s] Level 1:colcon.colcon_core.environment:checking '/home/huatec/damiao_ws/install/damiao_hw/lib'
[35.053s] Level 1:colcon.colcon_core.shell:create_environment_hook('damiao_hw', 'ld_library_path_lib')
[35.053s] INFO:colcon.colcon_core.shell:Creating environment hook '/home/huatec/damiao_ws/install/damiao_hw/share/damiao_hw/hook/ld_library_path_lib.ps1'
[35.053s] INFO:colcon.colcon_core.shell:Creating environment descriptor '/home/huatec/damiao_ws/install/damiao_hw/share/damiao_hw/hook/ld_library_path_lib.dsv'
[35.053s] INFO:colcon.colcon_core.shell:Creating environment hook '/home/huatec/damiao_ws/install/damiao_hw/share/damiao_hw/hook/ld_library_path_lib.sh'
[35.053s] Level 1:colcon.colcon_core.environment:checking '/home/huatec/damiao_ws/install/damiao_hw/bin'
[35.053s] Level 1:colcon.colcon_core.environment:checking '/home/huatec/damiao_ws/install/damiao_hw/lib/pkgconfig/damiao_hw.pc'
[35.053s] Level 1:colcon.colcon_core.environment:checking '/home/huatec/damiao_ws/install/damiao_hw/lib/python3.10/site-packages'
[35.054s] Level 1:colcon.colcon_core.environment:checking '/home/huatec/damiao_ws/install/damiao_hw/bin'
[35.054s] INFO:colcon.colcon_core.shell:Creating package script '/home/huatec/damiao_ws/install/damiao_hw/share/damiao_hw/package.ps1'
[35.054s] INFO:colcon.colcon_core.shell:Creating package descriptor '/home/huatec/damiao_ws/install/damiao_hw/share/damiao_hw/package.dsv'
[35.054s] INFO:colcon.colcon_core.shell:Creating package script '/home/huatec/damiao_ws/install/damiao_hw/share/damiao_hw/package.sh'
[35.054s] INFO:colcon.colcon_core.shell:Creating package script '/home/huatec/damiao_ws/install/damiao_hw/share/damiao_hw/package.bash'
[35.055s] INFO:colcon.colcon_core.shell:Creating package script '/home/huatec/damiao_ws/install/damiao_hw/share/damiao_hw/package.zsh'
[35.055s] Level 1:colcon.colcon_core.environment:create_file_with_runtime_dependencies(/home/huatec/damiao_ws/install/damiao_hw/share/colcon-core/packages/damiao_hw)
[35.055s] DEBUG:colcon.colcon_parallel_executor.executor.parallel:closing loop
[35.055s] DEBUG:colcon.colcon_parallel_executor.executor.parallel:loop closed
[35.055s] DEBUG:colcon.colcon_parallel_executor.executor.parallel:run_until_complete finished with '0'
[35.055s] DEBUG:colcon.colcon_core.event_reactor:joining thread
[35.058s] INFO:colcon.colcon_core.plugin_system:Skipping extension 'colcon_notification.desktop_notification.terminal_notifier': Not used on non-Darwin systems
[35.058s] INFO:colcon.colcon_core.plugin_system:Skipping extension 'colcon_notification.desktop_notification.win32': Not used on non-Windows systems
[35.058s] INFO:colcon.colcon_notification.desktop_notification:Sending desktop notification using 'notify2'
[35.058s] DEBUG:colcon.colcon_notification.desktop_notification.notify2:Failed to initialize notify2: org.freedesktop.DBus.Error.AccessDenied: Failed to connect to socket /run/user/1000/bus: Operation not permitted
[35.058s] DEBUG:colcon.colcon_core.event_reactor:joined thread
[35.058s] INFO:colcon.colcon_core.shell:Creating prefix script '/home/huatec/damiao_ws/install/local_setup.ps1'
[35.058s] INFO:colcon.colcon_core.shell:Creating prefix util module '/home/huatec/damiao_ws/install/_local_setup_util_ps1.py'
[35.059s] INFO:colcon.colcon_core.shell:Creating prefix chain script '/home/huatec/damiao_ws/install/setup.ps1'
[35.059s] INFO:colcon.colcon_core.shell:Creating prefix script '/home/huatec/damiao_ws/install/local_setup.sh'
[35.060s] INFO:colcon.colcon_core.shell:Creating prefix util module '/home/huatec/damiao_ws/install/_local_setup_util_sh.py'
[35.060s] INFO:colcon.colcon_core.shell:Creating prefix chain script '/home/huatec/damiao_ws/install/setup.sh'
[35.060s] INFO:colcon.colcon_core.shell:Creating prefix script '/home/huatec/damiao_ws/install/local_setup.bash'
[35.061s] INFO:colcon.colcon_core.shell:Creating prefix chain script '/home/huatec/damiao_ws/install/setup.bash'
[35.061s] INFO:colcon.colcon_core.shell:Creating prefix script '/home/huatec/damiao_ws/install/local_setup.zsh'
[35.061s] INFO:colcon.colcon_core.shell:Creating prefix chain script '/home/huatec/damiao_ws/install/setup.zsh'
